// Jest Snapshot v1, https://goo.gl/fbAQLP

exports[`matches snapshot: all false: ie. 'You Won!' 1`] = `
<DocumentFragment>
  <div>
    <h1>
      You Won!
    </h1>
  </div>
</DocumentFragment>
`;

exports[`matches snapshot: all true 1`] = `
<DocumentFragment>
  <div>
    <table>
      <tbody>
        <tr>
          <td
            class="Cell Cell-lit"
            id="0-0"
          />
          <td
            class="Cell Cell-lit"
            id="0-1"
          />
          <td
            class="Cell Cell-lit"
            id="0-2"
          />
          <td
            class="Cell Cell-lit"
            id="0-3"
          />
          <td
            class="Cell Cell-lit"
            id="0-4"
          />
        </tr>
        <tr>
          <td
            class="Cell Cell-lit"
            id="1-0"
          />
          <td
            class="Cell Cell-lit"
            id="1-1"
          />
          <td
            class="Cell Cell-lit"
            id="1-2"
          />
          <td
            class="Cell Cell-lit"
            id="1-3"
          />
          <td
            class="Cell Cell-lit"
            id="1-4"
          />
        </tr>
        <tr>
          <td
            class="Cell Cell-lit"
            id="2-0"
          />
          <td
            class="Cell Cell-lit"
            id="2-1"
          />
          <td
            class="Cell Cell-lit"
            id="2-2"
          />
          <td
            class="Cell Cell-lit"
            id="2-3"
          />
          <td
            class="Cell Cell-lit"
            id="2-4"
          />
        </tr>
        <tr>
          <td
            class="Cell Cell-lit"
            id="3-0"
          />
          <td
            class="Cell Cell-lit"
            id="3-1"
          />
          <td
            class="Cell Cell-lit"
            id="3-2"
          />
          <td
            class="Cell Cell-lit"
            id="3-3"
          />
          <td
            class="Cell Cell-lit"
            id="3-4"
          />
        </tr>
        <tr>
          <td
            class="Cell Cell-lit"
            id="4-0"
          />
          <td
            class="Cell Cell-lit"
            id="4-1"
          />
          <td
            class="Cell Cell-lit"
            id="4-2"
          />
          <td
            class="Cell Cell-lit"
            id="4-3"
          />
          <td
            class="Cell Cell-lit"
            id="4-4"
          />
        </tr>
      </tbody>
    </table>
  </div>
</DocumentFragment>
`;
